// Jest Snapshot v1, https://goo.gl/fbAQLP

exports[`The TickerCalculator stack matches the snapshot 1`] = `
{
  "Metadata": {
    "gu:cdk:constructs": [
      "GuDistributionBucketParameter",
      "GuScheduledLambda",
    ],
    "gu:cdk:version": "TEST",
  },
  "Parameters": {
    "DistributionBucketName": {
      "Default": "/account/services/artifact.bucket",
      "Description": "SSM parameter containing the S3 bucket name holding distribution artifacts",
      "Type": "AWS::SSM::Parameter::Value<String>",
    },
  },
  "Resources": {
    "TickerCalculator5AB41211": {
      "DependsOn": [
        "querylambdaroleDefaultPolicy929B9FB7",
        "querylambdaroleC6C8A94B",
      ],
      "Properties": {
        "Code": {
          "S3Bucket": {
            "Ref": "DistributionBucketName",
          },
          "S3Key": "support/TEST/ticker-calculator/ticker-calculator.zip",
        },
        "Environment": {
          "Variables": {
            "APP": "ticker-calculator",
            "STACK": "support",
            "STAGE": "TEST",
            "Stage": "TEST",
          },
        },
        "FunctionName": "ticker-calculator-TEST",
        "Handler": "lambda.handler",
        "LoggingConfig": {
          "LogFormat": "Text",
        },
        "MemorySize": 512,
        "Role": {
          "Fn::GetAtt": [
            "querylambdaroleC6C8A94B",
            "Arn",
          ],
        },
        "Runtime": "nodejs20.x",
        "Tags": [
          {
            "Key": "App",
            "Value": "ticker-calculator",
          },
          {
            "Key": "gu:cdk:version",
            "Value": "TEST",
          },
          {
            "Key": "gu:repo",
            "Value": "guardian/contributions-ticker-calculator",
          },
          {
            "Key": "Stack",
            "Value": "support",
          },
          {
            "Key": "Stage",
            "Value": "TEST",
          },
        ],
        "Timeout": 120,
      },
      "Type": "AWS::Lambda::Function",
    },
    "TickerCalculatorTickerCalculatorrate15minutes0A13A653E": {
      "Properties": {
        "Description": "US",
        "ScheduleExpression": "rate(15 minutes)",
        "State": "ENABLED",
        "Targets": [
          {
            "Arn": {
              "Fn::GetAtt": [
                "TickerCalculator5AB41211",
                "Arn",
              ],
            },
            "Id": "Target0",
            "Input": ""US"",
          },
        ],
      },
      "Type": "AWS::Events::Rule",
    },
    "TickerCalculatorTickerCalculatorrate15minutes0AllowEventRuleTickerCalculator3A61D8F5E0A4FFD1": {
      "Properties": {
        "Action": "lambda:InvokeFunction",
        "FunctionName": {
          "Fn::GetAtt": [
            "TickerCalculator5AB41211",
            "Arn",
          ],
        },
        "Principal": "events.amazonaws.com",
        "SourceArn": {
          "Fn::GetAtt": [
            "TickerCalculatorTickerCalculatorrate15minutes0A13A653E",
            "Arn",
          ],
        },
      },
      "Type": "AWS::Lambda::Permission",
    },
    "TickerCalculatorTickerCalculatorrate15minutes161311C65": {
      "Properties": {
        "Description": "AU",
        "ScheduleExpression": "rate(15 minutes)",
        "State": "ENABLED",
        "Targets": [
          {
            "Arn": {
              "Fn::GetAtt": [
                "TickerCalculator5AB41211",
                "Arn",
              ],
            },
            "Id": "Target0",
            "Input": ""AU"",
          },
        ],
      },
      "Type": "AWS::Events::Rule",
    },
    "TickerCalculatorTickerCalculatorrate15minutes1AllowEventRuleTickerCalculator3A61D8F5E506B789": {
      "Properties": {
        "Action": "lambda:InvokeFunction",
        "FunctionName": {
          "Fn::GetAtt": [
            "TickerCalculator5AB41211",
            "Arn",
          ],
        },
        "Principal": "events.amazonaws.com",
        "SourceArn": {
          "Fn::GetAtt": [
            "TickerCalculatorTickerCalculatorrate15minutes161311C65",
            "Arn",
          ],
        },
      },
      "Type": "AWS::Lambda::Permission",
    },
    "TickerCalculatorTickerCalculatorrate15minutes2AllowEventRuleTickerCalculator3A61D8F5B129E114": {
      "Properties": {
        "Action": "lambda:InvokeFunction",
        "FunctionName": {
          "Fn::GetAtt": [
            "TickerCalculator5AB41211",
            "Arn",
          ],
        },
        "Principal": "events.amazonaws.com",
        "SourceArn": {
          "Fn::GetAtt": [
            "TickerCalculatorTickerCalculatorrate15minutes2F658BDF5",
            "Arn",
          ],
        },
      },
      "Type": "AWS::Lambda::Permission",
    },
    "TickerCalculatorTickerCalculatorrate15minutes2F658BDF5": {
      "Properties": {
        "Description": "global",
        "ScheduleExpression": "rate(15 minutes)",
        "State": "ENABLED",
        "Targets": [
          {
            "Arn": {
              "Fn::GetAtt": [
                "TickerCalculator5AB41211",
                "Arn",
              ],
            },
            "Id": "Target0",
            "Input": ""global"",
          },
        ],
      },
      "Type": "AWS::Events::Rule",
    },
    "querylambdaroleC6C8A94B": {
      "Properties": {
        "AssumeRolePolicyDocument": {
          "Statement": [
            {
              "Action": "sts:AssumeRole",
              "Effect": "Allow",
              "Principal": {
                "Service": "lambda.amazonaws.com",
              },
            },
          ],
          "Version": "2012-10-17",
        },
        "RoleName": "ticker-calculator-TEST",
        "Tags": [
          {
            "Key": "gu:cdk:version",
            "Value": "TEST",
          },
          {
            "Key": "gu:repo",
            "Value": "guardian/contributions-ticker-calculator",
          },
          {
            "Key": "Stack",
            "Value": "support",
          },
          {
            "Key": "Stage",
            "Value": "TEST",
          },
        ],
      },
      "Type": "AWS::IAM::Role",
    },
    "querylambdaroleDefaultPolicy929B9FB7": {
      "Properties": {
        "PolicyDocument": {
          "Statement": [
            {
              "Action": [
                "logs:CreateLogGroup",
                "logs:CreateLogStream",
                "logs:PutLogEvents",
              ],
              "Effect": "Allow",
              "Resource": "*",
            },
            {
              "Action": "s3:*",
              "Effect": "Allow",
              "Resource": [
                "arn:aws:s3::*:contributions-ticker/*",
                "arn:aws:s3::*:contributions-ticker",
              ],
            },
            {
              "Action": "ssm:GetParameter",
              "Effect": "Allow",
              "Resource": [
                {
                  "Fn::Join": [
                    "",
                    [
                      "arn:aws:ssm:",
                      {
                        "Ref": "AWS::Region",
                      },
                      ":",
                      {
                        "Ref": "AWS::AccountId",
                      },
                      ":parameter/ticker-calculator/TEST/gcp-wif-credentials-config",
                    ],
                  ],
                },
                {
                  "Fn::Join": [
                    "",
                    [
                      "arn:aws:ssm:",
                      {
                        "Ref": "AWS::Region",
                      },
                      ":",
                      {
                        "Ref": "AWS::AccountId",
                      },
                      ":parameter/ticker-calculator/TEST/ticker-config",
                    ],
                  ],
                },
              ],
            },
            {
              "Action": [
                "s3:GetObject*",
                "s3:GetBucket*",
                "s3:List*",
              ],
              "Effect": "Allow",
              "Resource": [
                {
                  "Fn::Join": [
                    "",
                    [
                      "arn:",
                      {
                        "Ref": "AWS::Partition",
                      },
                      ":s3:::",
                      {
                        "Ref": "DistributionBucketName",
                      },
                    ],
                  ],
                },
                {
                  "Fn::Join": [
                    "",
                    [
                      "arn:",
                      {
                        "Ref": "AWS::Partition",
                      },
                      ":s3:::",
                      {
                        "Ref": "DistributionBucketName",
                      },
                      "/support/TEST/ticker-calculator/ticker-calculator.zip",
                    ],
                  ],
                },
              ],
            },
            {
              "Action": "ssm:GetParametersByPath",
              "Effect": "Allow",
              "Resource": {
                "Fn::Join": [
                  "",
                  [
                    "arn:aws:ssm:",
                    {
                      "Ref": "AWS::Region",
                    },
                    ":",
                    {
                      "Ref": "AWS::AccountId",
                    },
                    ":parameter/TEST/support/ticker-calculator",
                  ],
                ],
              },
            },
            {
              "Action": [
                "ssm:GetParameters",
                "ssm:GetParameter",
              ],
              "Effect": "Allow",
              "Resource": {
                "Fn::Join": [
                  "",
                  [
                    "arn:aws:ssm:",
                    {
                      "Ref": "AWS::Region",
                    },
                    ":",
                    {
                      "Ref": "AWS::AccountId",
                    },
                    ":parameter/TEST/support/ticker-calculator/*",
                  ],
                ],
              },
            },
          ],
          "Version": "2012-10-17",
        },
        "PolicyName": "querylambdaroleDefaultPolicy929B9FB7",
        "Roles": [
          {
            "Ref": "querylambdaroleC6C8A94B",
          },
        ],
      },
      "Type": "AWS::IAM::Policy",
    },
  },
}
`;
